7 3 ! m1 1 s1 4 ms1 0
-3.144785005377E-003 -4.340039521269E-003  3.939161533767E-003 
 1.829710200751E-004  1.929938415746E-006 -3.308196979825E-004 
 1.198141345218E-004  4.216688488424E-004 -5.432789415574E-004 
 5.760166263413E-004  3.235291697996E-004 -3.880136039750E-004 
-3.222211663440E-002  2.080756317437E-002  9.572215110266E-002 
 1.915792692898E-002 -9.235202717307E-003 -4.838717720868E-002 
 1.533017292986E-002 -7.979448892852E-003 -5.001202318420E-002  
