7 3 ! m1 1 s1 3 ms1 0
 3.831737668625E-003  5.546294147510E-003 -4.923535680241E-003 
-1.455735899648E-004 -1.341303509350E-005  4.279163867908E-004 
-9.984621908266E-005 -6.275678241147E-004  6.399367900691E-004 
-6.998671946525E-004 -3.887523185234E-004  4.434141305375E-004 
 4.020018257656E-002 -2.581761774625E-002 -1.197210403258E-001 
-2.383291625818E-002  1.139427186104E-002  6.062641171468E-002 
-1.925371698333E-002  9.906784915431E-003  6.250689698392E-002 
