7 3 ! m1 1 s1 3 ms1 0   m2 1 s2 4 ms2 0
 6.253795776827E+000 -5.806946852220E-001  1.148596230222E+000 
 2.450880970029E-001 -4.471458044347E-002  1.471313670875E-001 
-1.156914500688E+000 -1.811453427078E+000  1.195671869732E+000 
 7.730655620059E-001  1.601083087192E+000 -9.854327888611E-001 
-1.122777685291E+001  9.625931157601E-001 -3.331141464327E+001 
 3.377733173718E+000  4.571557818430E+000  1.573778731887E+001 
 1.735008744046E+000 -4.698371328640E+000  1.606766064623E+001 
