atoms x y z
C 0.0165545043 0.0176146678 0.1141395708
H 0.0041128735 0.0015468400 0.0078818096
H 0.0010193079 -0.0288922216 0.0062982297
H 0.0182886645 -0.0011445287 -0.0132909288
N -0.5991489285 0.5062088812 -0.1184225981
O 0.2156941336 -0.3895803304 0.1204472689
O 0.3434794447 -0.1057533087 -0.1170533518
